// Jest Snapshot v1, https://goo.gl/fbAQLP

exports[`Pruebas en Navbar Debe de mostrarse correctamente  1`] = `
<nav
  className="navbar navbar-expand-lg navbar-dark bg-dark"
>
  <div
    className="container-fluid"
  >
    <img
      alt="logo"
      className="App-logo navbar-logo"
      src="logo.svg"
    />
    <a
      className="navbar-brand"
      onClick={[Function]}
    >
      HeroesApp
    </a>
    <button
      aria-controls="navbarSupportedContent"
      aria-expanded="false"
      aria-label="Toggle navigation"
      className="navbar-toggler"
      data-bs-target="#navbarSupportedContent"
      data-bs-toggle="collapse"
      type="button"
    >
      <span
        className="navbar-toggler-icon"
      />
    </button>
    <div
      className="collapse navbar-collapse"
      id="navbarSupportedContent"
    >
      <div
        className="navbar-nav me-auto mb-2 mb-lg-0"
      >
        <a
          aria-current={null}
          className="nav-item nav-link"
          onClick={[Function]}
        >
          Marvel
        </a>
        <a
          aria-current={null}
          className="nav-item nav-link"
          onClick={[Function]}
        >
          DC
        </a>
        <a
          aria-current={null}
          className="nav-item nav-link"
          onClick={[Function]}
        >
          Buscar
        </a>
      </div>
      <div
        className="navbar-nav navbar-right"
      >
        <span
          className="nav-item nav-link text-info"
        >
          dagarcia100@gmail.com
        </span>
        <a
          className="nav-item nav-link logout"
          onClick={[Function]}
        >
          Logout
        </a>
      </div>
    </div>
  </div>
</nav>
`;
